// Jest Snapshot v1, https://goo.gl/fbAQLP

exports[`should dispatch correct actions when fetching todos 1`] = `
Array [
  Object {
    "isFetching": true,
    "type": "SET_FETCH",
  },
  Object {
    "todos": Object {
      "json": [Function],
    },
    "type": "ADD_TODOS",
  },
  Object {
    "isFetching": false,
    "type": "SET_FETCH",
  },
]
`;
